
<html lang="en" xml:lang="en" xmlns="http://www.w3.org/1999/xhtml">
  <body>
    <p>(a -&gt; b -&gt; c)</p>
  </body>
</html>
