
<html lang="en" xml:lang="en" xmlns="http://www.w3.org/1999/xhtml">
  <body>

<pre>
module Main where

main :: IO ()
main = return ()
</pre>

  </body>
</html>
