
<html lang="en" xml:lang="en" xmlns="http://www.w3.org/1999/xhtml">
  <body>
    <p>text</p>
  </body>
</html>
